******************************************************************************
                  TI ARM Linker Unix v20.2.5                   
******************************************************************************
>> Linked Sat Sep 11 22:08:27 2021

OUTPUT FILE NAME:   <nixie_tube_bottle_opener.out>
ENTRY POINT SYMBOL: "_c_int00_noinit_noargs"  address: 000004b5


MEMORY CONFIGURATION

         name            origin    length      used     unused   attr    fill
----------------------  --------  ---------  --------  --------  ----  --------
  FLASH                 00000000   00040000  00000534  0003facc  R  X
  SRAM                  20000000   00008000  00000200  00007e00  RW X


SEGMENT ALLOCATION MAP

run origin  load origin   length   init length attrs members
----------  ----------- ---------- ----------- ----- -------
00000000    00000000    00000534   00000534    r-x
  00000000    00000000    0000026c   0000026c    r-- .intvecs
  0000026c    0000026c    00000288   00000288    r-x .text
  000004f4    000004f4    00000040   00000040    r-- .const
20000000    20000000    00000200   00000000    rw-
  20000000    20000000    00000200   00000000    rw- .stack


SECTION ALLOCATION MAP

 output                                  attributes/
section   page    origin      length       input sections
--------  ----  ----------  ----------   ----------------
.intvecs   0    00000000    0000026c     
                  00000000    0000026c     tm4c123gh6pm_startup_ccs.obj (.intvecs)

.text      0    0000026c    00000288     
                  0000026c    0000010c     gpio.obj (.text)
                  00000378    000000c0     timer.obj (.text)
                  00000438    0000007c     main.obj (.text)
                  000004b4    0000002c     rtsv7M4_T_le_v4SPD16_eabi.lib : boot_cortex_m.c.obj (.text:_c_int00_noinit_noargs:_c_int00_noinit_noargs)
                  000004e0    0000000c     tm4c123gh6pm_startup_ccs.obj (.text)
                  000004ec    00000004     rtsv7M4_T_le_v4SPD16_eabi.lib : pre_init.c.obj (.text:_system_pre_init)
                  000004f0    00000004                                   : exit.c.obj (.text:abort:abort)

.const     0    000004f4    00000040     
                  000004f4    00000028     gpio.obj (.const)
                  0000051c    00000018     gpio.obj (.const:GPIO_BASE)

.cinit     0    00000000    00000000     UNINITIALIZED

.init_array 
*          0    00000000    00000000     UNINITIALIZED

.stack     0    20000000    00000200     UNINITIALIZED
                  20000000    00000004     rtsv7M4_T_le_v4SPD16_eabi.lib : boot_cortex_m.c.obj (.stack)
                  20000004    000001fc     --HOLE--

__llvm_prf_cnts 
*          0    20000000    00000000     UNINITIALIZED

MODULE SUMMARY

       Module                         code   ro data   rw data
       ------                         ----   -------   -------
    ./
       tm4c123gh6pm_startup_ccs.obj   12     620       0      
       gpio.obj                       268    64        0      
       timer.obj                      192    0         0      
       main.obj                       124    0         0      
    +--+------------------------------+------+---------+---------+
       Total:                         596    684       0      
                                                              
    /home/evan/ti/ccs1040/ccs/tools/compiler/ti-cgt-arm_20.2.5.LTS/lib/rtsv7M4_T_le_v4SPD16_eabi.lib
       boot_cortex_m.c.obj            44     0         0      
       exit.c.obj                     4      0         0      
       pre_init.c.obj                 4      0         0      
    +--+------------------------------+------+---------+---------+
       Total:                         52     0         0      
                                                              
       Stack:                         0      0         512    
    +--+------------------------------+------+---------+---------+
       Grand Total:                   648    684       512    


GLOBAL SYMBOLS: SORTED ALPHABETICALLY BY Name 

address   name                   
-------   ----                   
000004f1  C$$EXIT                
00000514  GPIO_AFSL_OFFSET       
000004f8  GPIO_A_BASE            
0000051c  GPIO_BASE              
000004fc  GPIO_B_BASE            
000004f4  GPIO_CLOCK_BASE_REG    
00000500  GPIO_C_BASE            
00000518  GPIO_DEN_OFFSET        
00000510  GPIO_DIR_OFFSET        
00000504  GPIO_D_BASE            
00000508  GPIO_E_BASE            
0000050c  GPIO_F_BASE            
000004e1  ResetISR               
20000200  __STACK_END            
00000200  __STACK_SIZE           
20000200  __STACK_TOP            
ffffffff  __TI_pprof_out_hndl    
ffffffff  __TI_prof_data_size    
ffffffff  __TI_prof_data_start   
00000000  __TI_static_base__     
ffffffff  __binit__              
ffffffff  __c_args__             
UNDEFED   __mpu_init             
20000000  __stack                
20000000  __start___llvm_prf_cnts
20000000  __stop___llvm_prf_cnts 
000004b5  _c_int00_noinit_noargs 
000004ed  _system_pre_init       
000004f1  abort                  
ffffffff  binit                  
00000000  g_pfnVectors           
00000307  initialize_gpio_din    
000002a1  initialize_gpio_dout   
00000471  main                   
0000038b  poll_timer             


GLOBAL SYMBOLS: SORTED BY Symbol Address 

address   name                   
-------   ----                   
00000000  __TI_static_base__     
00000000  g_pfnVectors           
00000200  __STACK_SIZE           
000002a1  initialize_gpio_dout   
00000307  initialize_gpio_din    
0000038b  poll_timer             
00000471  main                   
000004b5  _c_int00_noinit_noargs 
000004e1  ResetISR               
000004ed  _system_pre_init       
000004f1  C$$EXIT                
000004f1  abort                  
000004f4  GPIO_CLOCK_BASE_REG    
000004f8  GPIO_A_BASE            
000004fc  GPIO_B_BASE            
00000500  GPIO_C_BASE            
00000504  GPIO_D_BASE            
00000508  GPIO_E_BASE            
0000050c  GPIO_F_BASE            
00000510  GPIO_DIR_OFFSET        
00000514  GPIO_AFSL_OFFSET       
00000518  GPIO_DEN_OFFSET        
0000051c  GPIO_BASE              
20000000  __stack                
20000000  __start___llvm_prf_cnts
20000000  __stop___llvm_prf_cnts 
20000200  __STACK_END            
20000200  __STACK_TOP            
ffffffff  __TI_pprof_out_hndl    
ffffffff  __TI_prof_data_size    
ffffffff  __TI_prof_data_start   
ffffffff  __binit__              
ffffffff  __c_args__             
ffffffff  binit                  
UNDEFED   __mpu_init             

[35 symbols]
