******************************************************************************
                  TI ARM Linker Unix v20.2.4                   
******************************************************************************
>> Linked Sun May  9 18:14:36 2021

OUTPUT FILE NAME:   <nixie_tube_bottle_opener.out>
ENTRY POINT SYMBOL: "_c_int00_noinit_noargs"  address: 00000371


MEMORY CONFIGURATION

         name            origin    length      used     unused   attr    fill
----------------------  --------  ---------  --------  --------  ----  --------
  FLASH                 00000000   00040000  000003f0  0003fc10  R  X
  SRAM                  20000000   00008000  00000200  00007e00  RW X


SEGMENT ALLOCATION MAP

run origin  load origin   length   init length attrs members
----------  ----------- ---------- ----------- ----- -------
00000000    00000000    000003f0   000003f0    r-x
  00000000    00000000    0000026c   0000026c    r-- .intvecs
  0000026c    0000026c    00000144   00000144    r-x .text
  000003b0    000003b0    00000040   00000040    r-- .const
20000000    20000000    00000200   00000000    rw-
  20000000    20000000    00000200   00000000    rw- .stack


SECTION ALLOCATION MAP

 output                                  attributes/
section   page    origin      length       input sections
--------  ----  ----------  ----------   ----------------
.intvecs   0    00000000    0000026c     
                  00000000    0000026c     tm4c123gh6pm_startup_ccs.obj (.intvecs)

.text      0    0000026c    00000144     
                  0000026c    000000a4     gpio.obj (.text)
                  00000310    00000060     main.obj (.text)
                  00000370    0000002c     rtsv7M4_T_le_v4SPD16_eabi.lib : boot_cortex_m.c.obj (.text:_c_int00_noinit_noargs:_c_int00_noinit_noargs)
                  0000039c    0000000c     tm4c123gh6pm_startup_ccs.obj (.text)
                  000003a8    00000004     rtsv7M4_T_le_v4SPD16_eabi.lib : pre_init.c.obj (.text:_system_pre_init)
                  000003ac    00000004                                   : exit.c.obj (.text:abort:abort)

.const     0    000003b0    00000040     
                  000003b0    00000028     gpio.obj (.const)
                  000003d8    00000018     gpio.obj (.const:GPIO_BASE)

.cinit     0    00000000    00000000     UNINITIALIZED

.init_array 
*          0    00000000    00000000     UNINITIALIZED

.stack     0    20000000    00000200     UNINITIALIZED
                  20000000    00000004     rtsv7M4_T_le_v4SPD16_eabi.lib : boot_cortex_m.c.obj (.stack)
                  20000004    000001fc     --HOLE--

__llvm_prf_cnts 
*          0    20000000    00000000     UNINITIALIZED

MODULE SUMMARY

       Module                         code   ro data   rw data
       ------                         ----   -------   -------
    ./
       tm4c123gh6pm_startup_ccs.obj   12     620       0      
       gpio.obj                       164    64        0      
       main.obj                       96     0         0      
    +--+------------------------------+------+---------+---------+
       Total:                         272    684       0      
                                                              
    /home/evan/ti/ccs1020/ccs/tools/compiler/ti-cgt-arm_20.2.4.LTS/lib/rtsv7M4_T_le_v4SPD16_eabi.lib
       boot_cortex_m.c.obj            44     0         0      
       exit.c.obj                     4      0         0      
       pre_init.c.obj                 4      0         0      
    +--+------------------------------+------+---------+---------+
       Total:                         52     0         0      
                                                              
       Stack:                         0      0         512    
    +--+------------------------------+------+---------+---------+
       Grand Total:                   324    684       512    


GLOBAL SYMBOLS: SORTED ALPHABETICALLY BY Name 

address   name                   
-------   ----                   
000003ad  C$$EXIT                
000003d0  GPIO_AFSL_OFFSET       
000003b4  GPIO_A_BASE            
000003d8  GPIO_BASE              
000003b8  GPIO_B_BASE            
000003b0  GPIO_CLOCK_BASE_REG    
000003bc  GPIO_C_BASE            
000003d4  GPIO_DEN_OFFSET        
000003cc  GPIO_DIR_OFFSET        
000003c0  GPIO_D_BASE            
000003c4  GPIO_E_BASE            
000003c8  GPIO_F_BASE            
0000039d  ResetISR               
20000200  __STACK_END            
00000200  __STACK_SIZE           
20000200  __STACK_TOP            
ffffffff  __TI_pprof_out_hndl    
ffffffff  __TI_prof_data_size    
ffffffff  __TI_prof_data_start   
00000000  __TI_static_base__     
ffffffff  __binit__              
ffffffff  __c_args__             
UNDEFED   __mpu_init             
20000000  __stack                
20000000  __start___llvm_prf_cnts
20000000  __stop___llvm_prf_cnts 
00000371  _c_int00_noinit_noargs 
000003a9  _system_pre_init       
000003ad  abort                  
ffffffff  binit                  
00000000  g_pfnVectors           
000002a1  initialize_gpio_dout   
00000349  main                   


GLOBAL SYMBOLS: SORTED BY Symbol Address 

address   name                   
-------   ----                   
00000000  __TI_static_base__     
00000000  g_pfnVectors           
00000200  __STACK_SIZE           
000002a1  initialize_gpio_dout   
00000349  main                   
00000371  _c_int00_noinit_noargs 
0000039d  ResetISR               
000003a9  _system_pre_init       
000003ad  C$$EXIT                
000003ad  abort                  
000003b0  GPIO_CLOCK_BASE_REG    
000003b4  GPIO_A_BASE            
000003b8  GPIO_B_BASE            
000003bc  GPIO_C_BASE            
000003c0  GPIO_D_BASE            
000003c4  GPIO_E_BASE            
000003c8  GPIO_F_BASE            
000003cc  GPIO_DIR_OFFSET        
000003d0  GPIO_AFSL_OFFSET       
000003d4  GPIO_DEN_OFFSET        
000003d8  GPIO_BASE              
20000000  __stack                
20000000  __start___llvm_prf_cnts
20000000  __stop___llvm_prf_cnts 
20000200  __STACK_END            
20000200  __STACK_TOP            
ffffffff  __TI_pprof_out_hndl    
ffffffff  __TI_prof_data_size    
ffffffff  __TI_prof_data_start   
ffffffff  __binit__              
ffffffff  __c_args__             
ffffffff  binit                  
UNDEFED   __mpu_init             

[33 symbols]
